// Jest Snapshot v1, https://goo.gl/fbAQLP

exports[`Parent Component should render correctly 1`] = `
<div>
  This is a parent component
  <ChildComponent
    text="Some Text"
  />
</div>
`;
